C:\Users\andre\git\erste_git_uebung>git remote add origin https://github.com/MaX116207/git_uebung_1.git

C:\Users\andre\git\erste_git_uebung>git branch -M main

C:\Users\andre\git\erste_git_uebung>git push -u origin main
info: please complete authentication in your browser...
Enumerating objects: 35, done.
Counting objects: 100% (35/35), done.
Delta compression using up to 12 threads
Compressing objects: 100% (32/32), done.
Writing objects: 100% (35/35), 3.73 KiB | 131.00 KiB/s, done.
Total 35 (delta 13), reused 0 (delta 0), pack-reused 0 (from 0)
remote: Resolving deltas: 100% (13/13), done.
To https://github.com/MaX116207/git_uebung_1.git
 * [new branch]      main -> main
branch 'main' set up to track 'origin/main'.

C:\Users\andre\git\erste_git_uebung>git pull
remote: Enumerating objects: 4, done.
remote: Counting objects: 100% (4/4), done.
remote: Compressing objects: 100% (2/2), done.
remote: Total 3 (delta 1), reused 0 (delta 0), pack-reused 0 (from 0)
Unpacking objects: 100% (3/3), 946 bytes | 45.00 KiB/s, done.
From https://github.com/MaX116207/git_uebung_1
   4056ca8..186b76d  main       -> origin/main
Updating 4056ca8..186b76d
Fast-forward
 README.md | 2 ++
 1 file changed, 2 insertions(+)
 create mode 100644 README.md

C:\Users\andre\git\erste_git_uebung>cd ../

C:\Users\andre\git>mkdir git_teamubung

C:\Users\andre\git>cd git_teamubung

C:\Users\andre\git\git_teamubung>git init
Initialized empty Git repository in C:/Users/andre/git/git_teamubung/.git/

C:\Users\andre\git\git_teamubung>git clone https://github.com/MaX116207/Test_mleimhof_skara1/settings/access?guidance_task=
fatal: could not create work tree dir 'access?guidance_task=': Invalid argument

C:\Users\andre\git\git_teamubung>git clone https://github.com/MaX116207/Test_mleimhof_skara1
Cloning into 'Test_mleimhof_skara1'...
remote: Enumerating objects: 3, done.
remote: Counting objects: 100% (3/3), done.
remote: Total 3 (delta 0), reused 0 (delta 0), pack-reused 0 (from 0)
Receiving objects: 100% (3/3), done.

C:\Users\andre\git\git_teamubung>git status
On branch master

No commits yet

Untracked files:
  (use "git add <file>..." to include in what will be committed)
        Test_mleimhof_skara1/

nothing added to commit but untracked files present (use "git add" to track)

C:\Users\andre\git\git_teamubung>cd Test_mleimhof_skara1

C:\Users\andre\git\git_teamubung\Test_mleimhof_skara1>git status
On branch main
Your branch is up to date with 'origin/main'.

Untracked files:
  (use "git add <file>..." to include in what will be committed)
        mleimhof.txt

nothing added to commit but untracked files present (use "git add" to track)

C:\Users\andre\git\git_teamubung\Test_mleimhof_skara1>git add mleimhof.txt

C:\Users\andre\git\git_teamubung\Test_mleimhof_skara1>git commit -m "text file commited"
[main cd8735e] text file commited
 1 file changed, 0 insertions(+), 0 deletions(-)
 create mode 100644 mleimhof.txt

C:\Users\andre\git\git_teamubung\Test_mleimhof_skara1>git push
Enumerating objects: 4, done.
Counting objects: 100% (4/4), done.
Delta compression using up to 12 threads
Compressing objects: 100% (2/2), done.
Writing objects: 100% (3/3), 294 bytes | 73.00 KiB/s, done.
Total 3 (delta 0), reused 0 (delta 0), pack-reused 0 (from 0)
To https://github.com/MaX116207/Test_mleimhof_skara1
   cace2f4..cd8735e  main -> main

C:\Users\andre\git\git_teamubung\Test_mleimhof_skara1>